// Bun Snapshot v1, https://goo.gl/fbAQLP

exports[`Allowed dependencies should consist of one rule 1`] = `
{
  "rules": {
    "dependencies": {
      "create": [Function: create],
      "defaultOptions": [
        {
          "manifest": {},
          "optionalPeers": "typeOnly",
          "production": true,
          "requiredPeers": true,
        },
      ],
      "meta": {
        "messages": {
          "prohibited": "Importing {{name}} is not allowed.",
          "typeOnly": "Only 'import type' syntax is allowed for {{name}}.",
        },
        "schema": [
          {
            "additionalProperties": false,
            "properties": {
              "manifest": {
                "properties": {
                  "dependencies": {
                    "type": "object",
                  },
                  "peerDependencies": {
                    "type": "object",
                  },
                  "peerDependenciesMeta": {
                    "type": "object",
                  },
                },
                "type": "object",
              },
              "optionalPeers": {
                "oneOf": [
                  {
                    "type": "boolean",
                  },
                  {
                    "enum": [
                      "typeOnly",
                    ],
                    "type": "string",
                  },
                ],
              },
              "production": {
                "oneOf": [
                  {
                    "type": "boolean",
                  },
                  {
                    "enum": [
                      "typeOnly",
                    ],
                    "type": "string",
                  },
                ],
              },
              "requiredPeers": {
                "oneOf": [
                  {
                    "type": "boolean",
                  },
                  {
                    "enum": [
                      "typeOnly",
                    ],
                    "type": "string",
                  },
                ],
              },
              "typeOnly": {
                "items": {
                  "type": "string",
                },
                "type": "array",
              },
            },
            "required": [
              "manifest",
            ],
            "type": "object",
          },
        ],
        "type": "problem",
      },
    },
  },
}
`;
