// Vitest Snapshot v1, https://vitest.dev/guide/snapshot.html

exports[`Schema > options > has the required props 1`] = `
{
  "additionalProperties": false,
  "properties": {
    "ignore": {
      "items": {
        "format": "regex",
        "type": "string",
      },
      "type": "array",
    },
    "optionalPeers": {
      "oneOf": [
        {
          "type": "boolean",
        },
        {
          "enum": [
            "typeOnly",
          ],
          "type": "string",
        },
      ],
    },
    "packageDir": {
      "type": "string",
    },
    "production": {
      "oneOf": [
        {
          "type": "boolean",
        },
        {
          "enum": [
            "typeOnly",
          ],
          "type": "string",
        },
      ],
    },
    "requiredPeers": {
      "oneOf": [
        {
          "type": "boolean",
        },
        {
          "enum": [
            "typeOnly",
          ],
          "type": "string",
        },
      ],
    },
    "typeOnly": {
      "items": {
        "type": "string",
      },
      "type": "array",
    },
  },
  "type": "object",
}
`;
